 <h3>第 三 课 作业</h3>
 
- 1.使用 GCLogAnalysis.java 自己演练一遍串行/并行/CMS/G1的案例。
  - 串行 GC 
  
    - ```java
      命令：
       -XX:+UseSerialGC -Xmx128m -Xms128m -XX:+PrintGCDetails -XX:+PrintGCDateStamps
       -XX:+UseSerialGC -Xmx256m -Xms256m -XX:+PrintGCDetails -XX:+PrintGCDateStamps
       -XX:+UseSerialGC -Xmx512m -Xms512m -XX:+PrintGCDetails -XX:+PrintGCDateStamps
       -XX:+UseSerialGC -Xmx1g -Xms1g -XX:+PrintGCDetails -XX:+PrintGCDateStamps
      結果：
      2020-10-27T22:37:44.249+0800: [GC (Allocation Failure) 2020-10-27T22:37:44.254+0800: [DefNew: 34685K->4352K(39296K), 0.0051823 secs] 34685K->13527K(126720K), 0.0114725 secs] [Times: user=0.00 sys=0.01, real=0.01 secs] 
      2020-10-27T22:37:44.266+0800: [GC (Allocation Failure) 2020-10-27T22:37:44.266+0800: [DefNew: 39287K->4344K(39296K), 0.0069249 secs] 48463K->28093K(126720K), 0.0069530 secs] [Times: user=0.00 sys=0.02, real=0.01 secs] 
      2020-10-27T22:37:44.279+0800: [GC (Allocation Failure) 2020-10-27T22:37:44.279+0800: [DefNew: 38631K->4345K(39296K), 0.0043908 secs] 62380K->38390K(126720K), 0.0044185 secs] [Times: user=0.00 sys=0.00, real=0.00 secs] 
      2020-10-27T22:37:44.289+0800: [GC (Allocation Failure) 2020-10-27T22:37:44.289+0800: [DefNew: 39271K->4351K(39296K), 0.0037434 secs] 73315K->48353K(126720K), 0.0037703 secs] [Times: user=0.00 sys=0.00, real=0.00 secs] 
      2020-10-27T22:37:44.296+0800: [GC (Allocation Failure) 2020-10-27T22:37:44.296+0800: [DefNew: 39243K->4349K(39296K), 0.0048685 secs] 83245K->61545K(126720K), 0.0048941 secs] [Times: user=0.00 sys=0.00, real=0.01 secs] 
      2020-10-27T22:37:44.305+0800: [GC (Allocation Failure) 2020-10-27T22:37:44.305+0800: [DefNew: 39293K->4346K(39296K), 0.0037154 secs] 96489K->70249K(126720K), 0.0037423 secs] [Times: user=0.00 sys=0.00, real=0.00 secs] 
      2020-10-27T22:37:44.313+0800: [GC (Allocation Failure) 2020-10-27T22:37:44.313+0800: [DefNew: 39290K->4348K(39296K), 0.0055735 secs] 105193K->85539K(126720K), 0.0056005 secs] [Times: user=0.02 sys=0.00, real=0.01 secs] 
      2020-10-27T22:37:44.323+0800: [GC (Allocation Failure) 2020-10-27T22:37:44.323+0800: [DefNew: 39056K->39056K(39296K), 0.0000124 secs]2020-10-27T22:37:44.323+0800: [Tenured: 81191K->86705K(87424K), 0.0213960 secs] 120247K->90517K(126720K), [Metaspace: 3508K->3508K(1056768K)], 0.0214498 secs] [Times: user=0.02 sys=0.00, real=0.02 secs] 
      2020-10-27T22:37:44.349+0800: [Full GC (Allocation Failure) 2020-10-27T22:37:44.349+0800: [Tenured: 87331K->87406K(87424K), 0.0130163 secs] 126602K->102035K(126720K), [Metaspace: 3508K->3508K(1056768K)], 0.0130493 secs] [Times: user=0.02 sys=0.00, real=0.01 secs] 
      2020-10-27T22:37:44.365+0800: [Full GC (Allocation Failure) 2020-10-27T22:37:44.365+0800: [Tenured: 87406K->87296K(87424K), 0.0116985 secs] 126692K->106954K(126720K), [Metaspace: 3509K->3509K(1056768K)], 0.0117288 secs] [Times: user=0.00 sys=0.00, real=0.01 secs] 
      2020-10-27T22:37:44.379+0800: [Full GC (Allocation Failure) 2020-10-27T22:37:44.379+0800: [Tenured: 87359K->87275K(87424K), 0.0146125 secs] 126655K->105476K(126720K), [Metaspace: 3509K->3509K(1056768K)], 0.0146444 secs] [Times: user=0.02 sys=0.00, real=0.02 secs] 
      2020-10-27T22:37:44.396+0800: [Full GC (Allocation Failure) 2020-10-27T22:37:44.396+0800: [Tenured: 87275K->87275K(87424K), 0.0041267 secs] 126193K->112005K(126720K), [Metaspace: 3509K->3509K(1056768K)], 0.0041592 secs] [Times: user=0.01 sys=0.00, real=0.00 secs] 
      2020-10-27T22:37:44.402+0800: [Full GC (Allocation Failure) 2020-10-27T22:37:44.402+0800: [Tenured: 87401K->87401K(87424K), 0.0038334 secs] 126680K->119022K(126720K), [Metaspace: 3509K->3509K(1056768K)], 0.0038652 secs] [Times: user=0.00 sys=0.00, real=0.00 secs] 
      2020-10-27T22:37:44.407+0800: [Full GC (Allocation Failure) 2020-10-27T22:37:44.407+0800: [Tenured: 87401K->87401K(87424K), 0.0054904 secs] 126443K->122568K(126720K), [Metaspace: 3509K->3509K(1056768K)], 0.0055182 secs] [Times: user=0.02 sys=0.00, real=0.00 secs] 
      2020-10-27T22:37:44.413+0800: [Full GC (Allocation Failure) 2020-10-27T22:37:44.413+0800: [Tenured: 87401K->87362K(87424K), 0.0145124 secs] 126363K->119344K(126720K), [Metaspace: 3509K->3509K(1056768K)], 0.0145402 secs] [Times: user=0.00 sys=0.00, real=0.01 secs] 
      2020-10-27T22:37:44.428+0800: [Full GC (Allocation Failure) 2020-10-27T22:37:44.428+0800: [Tenured: 87362K->87362K(87424K), 0.0025660 secs] 126603K->121623K(126720K), [Metaspace: 3509K->3509K(1056768K)], 0.0025985 secs] [Times: user=0.00 sys=0.00, real=0.00 secs] 
      2020-10-27T22:37:44.432+0800: [Full GC (Allocation Failure) 2020-10-27T22:37:44.432+0800: [Tenured: 87362K->87362K(87424K), 0.0027152 secs] 126518K->124245K(126720K), [Metaspace: 3509K->3509K(1056768K)], 0.0027448 secs] [Times: user=0.00 sys=0.00, real=0.00 secs] 
      2020-10-27T22:37:44.435+0800: [Full GC (Allocation Failure) 2020-10-27T22:37:44.435+0800: [Tenured: 87362K->87362K(87424K), 0.0016342 secs] 126588K->124410K(126720K), [Metaspace: 3509K->3509K(1056768K)], 0.0016640 secs] [Times: user=0.00 sys=0.00, real=0.00 secs] 
      2020-10-27T22:37:44.437+0800: [Full GC (Allocation Failure) 2020-10-27T22:37:44.437+0800: [Tenured: 87362K->87407K(87424K), 0.0134795 secs] 126334K->123328K(126720K), [Metaspace: 3509K->3509K(1056768K)], 0.0135066 secs] [Times: user=0.02 sys=0.00, real=0.01 secs] 
      2020-10-27T22:37:44.450+0800: [Full GC (Allocation Failure) 2020-10-27T22:37:44.450+0800: [Tenured: 87407K->87407K(87424K), 0.0018284 secs] 126459K->124807K(126720K), [Metaspace: 3509K->3509K(1056768K)], 0.0018523 secs] [Times: user=0.00 sys=0.00, real=0.00 secs] 
      2020-10-27T22:37:44.452+0800: [Full GC (Allocation Failure) 2020-10-27T22:37:44.452+0800: [Tenured: 87407K->87407K(87424K), 0.0013768 secs] 126646K->125478K(126720K), [Metaspace: 3509K->3509K(1056768K)], 0.0013981 secs] [Times: user=0.00 sys=0.00, real=0.00 secs] 
      2020-10-27T22:37:44.453+0800: [Full GC (Allocation Failure) 2020-10-27T22:37:44.454+0800: [Tenured: 87407K->87407K(87424K), 0.0019035 secs] 126530K->125860K(126720K), [Metaspace: 3509K->3509K(1056768K)], 0.0019326 secs] [Times: user=0.00 sys=0.00, real=0.00 secs] 
      2020-10-27T22:37:44.456+0800: [Full GC (Allocation Failure) 2020-10-27T22:37:44.456+0800: [Tenured: 87407K->87402K(87424K), 0.0107928 secs] 126651K->126028K(126720K), [Metaspace: 3509K->3509K(1056768K)], 0.0108167 secs] [Times: user=0.02 sys=0.00, real=0.01 secs] 
      2020-10-27T22:37:44.466+0800: [Full GC (Allocation Failure) 2020-10-27T22:37:44.467+0800: [Tenured: 87402K->87402K(87424K), 0.0019087 secs] 126213K->126028K(126720K), [Metaspace: 3509K->3509K(1056768K)], 0.0019418 secs] [Times: user=0.00 sys=0.00, real=0.00 secs] 
      2020-10-27T22:37:44.468+0800: [Full GC (Allocation Failure) 2020-10-27T22:37:44.468+0800: [Tenured: 87402K->87376K(87424K), 0.0100737 secs] 126028K->126003K(126720K), [Metaspace: 3509K->3509K(1056768K)], 0.0100983 secs] [Times: user=0.02 sys=0.00, real=0.01 secs] 
      Heap
       def new generation   total 39296K, used 38969K [0x00000000f8000000, 0x00000000faaa0000, 0x00000000faaa0000)
        eden space 34944K, 100% used [0x00000000f8000000, 0x00000000fa220000, 0x00000000fa220000)
        from space 4352K,  92% used [0x00000000fa660000, 0x00000000faa4e4e0, 0x00000000faaa0000)
        to   space 4352K,   0% used [0x00000000fa220000, 0x00000000fa220000, 0x00000000fa660000)
       tenured generation   total 87424K, used 87376K [0x00000000faaa0000, 0x0000000100000000, 0x0000000100000000)
         the space 87424K,  99% used [0x00000000faaa0000, 0x00000000ffff42f8, 0x00000000ffff4400, 0x0000000100000000)
       Metaspace       used 3540K, capacity 4502K, committed 4864K, reserved 1056768K
        class space    used 388K, capacity 390K, committed 512K, reserved 1048576K
      Exception in thread "main" java.lang.OutOfMemoryError: Java heap space
      	at GCLogAnalysis.generateGarbage(GCLogAnalysis.java:48)
      	at GCLogAnalysis.main(GCLogAnalysis.java:25)
      ```   
  
  - 并行 GC
    - ```java
      命令：
       -XX:+UseParallelGC -Xmx128m -Xms128m -XX:+PrintGCDetails -XX:+PrintGCDateStamps
       -XX:+UseParallelGC -Xmx256m -Xms256m -XX:+PrintGCDetails -XX:+PrintGCDateStamps
       -XX:+UseParallelGC -Xmx512m -Xms512m -XX:+PrintGCDetails -XX:+PrintGCDateStamps
       -XX:+UseParallelGC -Xmx1g -Xms1g -XX:+PrintGCDetails -XX:+PrintGCDateStamps
      結果：
      2020-10-27T22:41:59.901+0800: [GC (Allocation Failure) [PSYoungGen: 33059K->5107K(38400K)] 33059K->12820K(125952K), 0.0177002 secs] [Times: user=0.00 sys=0.00, real=0.02 secs] 
      2020-10-27T22:41:59.924+0800: [GC (Allocation Failure) [PSYoungGen: 38329K->5108K(38400K)] 46042K->24427K(125952K), 0.0037119 secs] [Times: user=0.05 sys=0.03, real=0.00 secs] 
      2020-10-27T22:41:59.933+0800: [GC (Allocation Failure) [PSYoungGen: 38194K->5119K(38400K)] 57513K->37117K(125952K), 0.0028901 secs] [Times: user=0.00 sys=0.00, real=0.00 secs] 
      2020-10-27T22:41:59.941+0800: [GC (Allocation Failure) [PSYoungGen: 38373K->5101K(38400K)] 70371K->48267K(125952K), 0.0024978 secs] [Times: user=0.00 sys=0.00, real=0.00 secs] 
      2020-10-27T22:41:59.948+0800: [GC (Allocation Failure) [PSYoungGen: 38293K->5119K(38400K)] 81458K->62377K(125952K), 0.0031261 secs] [Times: user=0.00 sys=0.00, real=0.00 secs] 
      2020-10-27T22:41:59.955+0800: [GC (Allocation Failure) [PSYoungGen: 38209K->5117K(19968K)] 95468K->72033K(107520K), 0.0024527 secs] [Times: user=0.00 sys=0.00, real=0.00 secs] 
      2020-10-27T22:41:59.960+0800: [GC (Allocation Failure) [PSYoungGen: 19809K->6751K(29184K)] 86726K->76447K(116736K), 0.0016267 secs] [Times: user=0.00 sys=0.00, real=0.00 secs] 
      2020-10-27T22:41:59.963+0800: [GC (Allocation Failure) [PSYoungGen: 21533K->12322K(29184K)] 91229K->83164K(116736K), 0.0016819 secs] [Times: user=0.00 sys=0.00, real=0.00 secs] 
      2020-10-27T22:41:59.965+0800: [Full GC (Ergonomics) [PSYoungGen: 12322K->0K(29184K)] [ParOldGen: 70841K->74372K(87552K)] 83164K->74372K(116736K), [Metaspace: 3508K->3508K(1056768K)], 0.0099293 secs] [Times: user=0.02 sys=0.00, real=0.01 secs] 
      2020-10-27T22:41:59.977+0800: [Full GC (Ergonomics) [PSYoungGen: 14831K->0K(29184K)] [ParOldGen: 74372K->77336K(87552K)] 89204K->77336K(116736K), [Metaspace: 3508K->3508K(1056768K)], 0.0103294 secs] [Times: user=0.00 sys=0.00, real=0.01 secs] 
      2020-10-27T22:41:59.988+0800: [Full GC (Ergonomics) [PSYoungGen: 14623K->0K(29184K)] [ParOldGen: 77336K->80021K(87552K)] 91960K->80021K(116736K), [Metaspace: 3508K->3508K(1056768K)], 0.0108046 secs] [Times: user=0.01 sys=0.00, real=0.01 secs] 
      2020-10-27T22:42:00.002+0800: [Full GC (Ergonomics) [PSYoungGen: 14781K->0K(29184K)] [ParOldGen: 80021K->81960K(87552K)] 94802K->81960K(116736K), [Metaspace: 3508K->3508K(1056768K)], 0.0119085 secs] [Times: user=0.05 sys=0.00, real=0.01 secs] 
      2020-10-27T22:42:00.015+0800: [Full GC (Ergonomics) [PSYoungGen: 14837K->513K(29184K)] [ParOldGen: 81960K->87521K(87552K)] 96798K->88034K(116736K), [Metaspace: 3508K->3508K(1056768K)], 0.0121245 secs] [Times: user=0.05 sys=0.00, real=0.01 secs] 
      2020-10-27T22:42:00.029+0800: [Full GC (Ergonomics) [PSYoungGen: 14848K->5402K(29184K)] [ParOldGen: 87521K->87500K(87552K)] 102369K->92902K(116736K), [Metaspace: 3508K->3508K(1056768K)], 0.0117448 secs] [Times: user=0.08 sys=0.00, real=0.01 secs] 
      2020-10-27T22:42:00.042+0800: [Full GC (Ergonomics) [PSYoungGen: 14848K->8280K(29184K)] [ParOldGen: 87500K->87094K(87552K)] 102348K->95375K(116736K), [Metaspace: 3508K->3508K(1056768K)], 0.0097015 secs] [Times: user=0.05 sys=0.00, real=0.01 secs] 
      2020-10-27T22:42:00.053+0800: [Full GC (Ergonomics) [PSYoungGen: 14847K->10263K(29184K)] [ParOldGen: 87094K->87376K(87552K)] 101941K->97640K(116736K), [Metaspace: 3508K->3508K(1056768K)], 0.0068859 secs] [Times: user=0.00 sys=0.00, real=0.01 secs] 
      2020-10-27T22:42:00.061+0800: [Full GC (Ergonomics) [PSYoungGen: 14746K->11625K(29184K)] [ParOldGen: 87376K->87376K(87552K)] 102122K->99001K(116736K), [Metaspace: 3508K->3508K(1056768K)], 0.0020457 secs] [Times: user=0.00 sys=0.00, real=0.00 secs] 
      2020-10-27T22:42:00.063+0800: [Full GC (Ergonomics) [PSYoungGen: 14847K->11806K(29184K)] [ParOldGen: 87376K->87357K(87552K)] 102223K->99164K(116736K), [Metaspace: 3508K->3508K(1056768K)], 0.0080196 secs] [Times: user=0.06 sys=0.00, real=0.01 secs] 
      2020-10-27T22:42:00.072+0800: [Full GC (Ergonomics) [PSYoungGen: 14827K->12909K(29184K)] [ParOldGen: 87357K->87265K(87552K)] 102185K->100175K(116736K), [Metaspace: 3508K->3508K(1056768K)], 0.0099724 secs] [Times: user=0.00 sys=0.00, real=0.01 secs] 
      2020-10-27T22:42:00.082+0800: [Full GC (Ergonomics) [PSYoungGen: 14602K->13145K(29184K)] [ParOldGen: 87265K->87265K(87552K)] 101868K->100411K(116736K), [Metaspace: 3508K->3508K(1056768K)], 0.0016802 secs] [Times: user=0.05 sys=0.02, real=0.00 secs] 
      2020-10-27T22:42:00.084+0800: [Full GC (Ergonomics) [PSYoungGen: 14598K->13232K(29184K)] [ParOldGen: 87265K->87265K(87552K)] 101864K->100498K(116736K), [Metaspace: 3508K->3508K(1056768K)], 0.0015247 secs] [Times: user=0.00 sys=0.00, real=0.00 secs] 
      2020-10-27T22:42:00.086+0800: [Full GC (Ergonomics) [PSYoungGen: 14825K->13520K(29184K)] [ParOldGen: 87265K->87265K(87552K)] 102091K->100786K(116736K), [Metaspace: 3508K->3508K(1056768K)], 0.0028460 secs] [Times: user=0.00 sys=0.00, real=0.00 secs] 
      2020-10-27T22:42:00.089+0800: [Full GC (Ergonomics) [PSYoungGen: 14777K->13596K(29184K)] [ParOldGen: 87265K->87065K(87552K)] 102043K->100662K(116736K), [Metaspace: 3508K->3508K(1056768K)], 0.0038855 secs] [Times: user=0.00 sys=0.00, real=0.00 secs] 
      2020-10-27T22:42:00.093+0800: [Full GC (Ergonomics) [PSYoungGen: 14170K->13596K(29184K)] [ParOldGen: 87065K->87065K(87552K)] 101236K->100662K(116736K), [Metaspace: 3508K->3508K(1056768K)], 0.0026236 secs] [Times: user=0.00 sys=0.00, real=0.00 secs] 
      2020-10-27T22:42:00.096+0800: [Full GC (Ergonomics) [PSYoungGen: 14780K->14385K(29184K)] [ParOldGen: 87065K->87049K(87552K)] 101846K->101435K(116736K), [Metaspace: 3508K->3508K(1056768K)], 0.0126184 secs] [Times: user=0.03 sys=0.00, real=0.01 secs] 
      2020-10-27T22:42:00.109+0800: [Full GC (Ergonomics) [PSYoungGen: 14573K->14548K(29184K)] [ParOldGen: 87049K->87042K(87552K)] 101623K->101591K(116736K), [Metaspace: 3508K->3508K(1056768K)], 0.0042592 secs] [Times: user=0.00 sys=0.00, real=0.00 secs] 
      2020-10-27T22:42:00.113+0800: [Full GC (Ergonomics) [PSYoungGen: 14839K->14548K(29184K)] [ParOldGen: 87480K->87042K(87552K)] 102319K->101591K(116736K), [Metaspace: 3508K->3508K(1056768K)], 0.0017190 secs] [Times: user=0.01 sys=0.00, real=0.00 secs] 
      2020-10-27T22:42:00.115+0800: [Full GC (Ergonomics) [PSYoungGen: 14749K->14162K(29184K)] [ParOldGen: 87042K->87414K(87552K)] 101791K->101577K(116736K), [Metaspace: 3508K->3508K(1056768K)], 0.0049720 secs] [Times: user=0.00 sys=0.00, real=0.00 secs] 
      2020-10-27T22:42:00.120+0800: [Full GC (Ergonomics) [PSYoungGen: 14846K->14180K(29184K)] [ParOldGen: 87414K->87414K(87552K)] 102261K->101595K(116736K), [Metaspace: 3508K->3508K(1056768K)], 0.0021488 secs] [Times: user=0.00 sys=0.00, real=0.00 secs] 
      2020-10-27T22:42:00.123+0800: [Full GC (Ergonomics) [PSYoungGen: 14733K->14450K(29184K)] [ParOldGen: 87414K->87414K(87552K)] 102148K->101865K(116736K), [Metaspace: 3508K->3508K(1056768K)], 0.0016918 secs] [Times: user=0.00 sys=0.00, real=0.00 secs] 
      2020-10-27T22:42:00.125+0800: [Full GC (Ergonomics) [PSYoungGen: 14620K->14332K(29184K)] [ParOldGen: 87414K->87034K(87552K)] 102035K->101366K(116736K), [Metaspace: 3508K->3508K(1056768K)], 0.0079989 secs] [Times: user=0.05 sys=0.00, real=0.01 secs] 
      2020-10-27T22:42:00.133+0800: [Full GC (Ergonomics) [PSYoungGen: 14847K->14695K(29184K)] [ParOldGen: 87034K->87034K(87552K)] 101882K->101730K(116736K), [Metaspace: 3508K->3508K(1056768K)], 0.0017429 secs] [Times: user=0.00 sys=0.00, real=0.00 secs] 
      2020-10-27T22:42:00.135+0800: [Full GC (Ergonomics) [PSYoungGen: 14848K->14767K(29184K)] [ParOldGen: 87034K->87034K(87552K)] 101882K->101802K(116736K), [Metaspace: 3508K->3508K(1056768K)], 0.0026400 secs] [Times: user=0.00 sys=0.00, real=0.00 secs] 
      2020-10-27T22:42:00.138+0800: [Full GC (Ergonomics) [PSYoungGen: 14844K->14623K(29184K)] [ParOldGen: 87345K->87273K(87552K)] 102190K->101897K(116736K), [Metaspace: 3508K->3508K(1056768K)], 0.0021906 secs] [Times: user=0.00 sys=0.00, real=0.00 secs] 
      2020-10-27T22:42:00.140+0800: [Full GC (Allocation Failure) [PSYoungGen: 14623K->14623K(29184K)] [ParOldGen: 87273K->87248K(87552K)] 101897K->101872K(116736K), [Metaspace: 3508K->3508K(1056768K)], 0.0109164 secs] [Times: user=0.06 sys=0.00, real=0.01 secs] 
      2020-10-27T22:42:00.151+0800: [Full GC (Ergonomics) [PSYoungGen: 14810K->14623K(29184K)] [ParOldGen: 87536K->87104K(87552K)] 102347K->101728K(116736K), [Metaspace: 3508K->3508K(1056768K)], 0.0028247 secs] [Times: user=0.00 sys=0.00, real=0.00 secs] 
      2020-10-27T22:42:00.154+0800: [Full GC (Ergonomics) [PSYoungGen: 14845K->14659K(29184K)] [ParOldGen: 87104K->87104K(87552K)] 101950K->101764K(116736K), [Metaspace: 3508K->3508K(1056768K)], 0.0016033 secs] [Times: user=0.00 sys=0.00, real=0.00 secs] 
      2020-10-27T22:42:00.156+0800: [Full GC (Ergonomics) [PSYoungGen: 14687K->14623K(29184K)] [ParOldGen: 87104K->87104K(87552K)] 101792K->101728K(116736K), [Metaspace: 3508K->3508K(1056768K)], 0.0014782 secs] [Times: user=0.00 sys=0.00, real=0.00 secs] 
      2020-10-27T22:42:00.158+0800: [Full GC (Ergonomics) [PSYoungGen: 14788K->14623K(29184K)] [ParOldGen: 87104K->87104K(87552K)] 101893K->101728K(116736K), [Metaspace: 3508K->3508K(1056768K)], 0.0013837 secs] [Times: user=0.00 sys=0.00, real=0.00 secs] 
      2020-10-27T22:42:00.159+0800: [Full GC (Ergonomics) [PSYoungGen: 14827K->14623K(29184K)] [ParOldGen: 87104K->87104K(87552K)] 101932K->101728K(116736K), [Metaspace: 3508K->3508K(1056768K)], 0.0013593 secs] [Times: user=0.00 sys=0.00, real=0.00 secs] 
      2020-10-27T22:42:00.161+0800: [Full GC (Ergonomics) [PSYoungGen: 14693K->14688K(29184K)] [ParOldGen: 87104K->87056K(87552K)] 101798K->101744K(116736K), [Metaspace: 3508K->3508K(1056768K)], 0.0051906 secs] [Times: user=0.06 sys=0.00, real=0.00 secs] 
      2020-10-27T22:42:00.166+0800: [Full GC (Ergonomics) [PSYoungGen: 14688K->14688K(29184K)] [ParOldGen: 87407K->87056K(87552K)] 102095K->101744K(116736K), [Metaspace: 3508K->3508K(1056768K)], 0.0016099 secs] [Times: user=0.00 sys=0.00, real=0.00 secs] 
      2020-10-27T22:42:00.168+0800: [Full GC (Ergonomics) [PSYoungGen: 14841K->14245K(29184K)] [ParOldGen: 87285K->87189K(87552K)] 102127K->101435K(116736K), [Metaspace: 3508K->3508K(1056768K)], 0.0067986 secs] [Times: user=0.00 sys=0.00, real=0.01 secs] 
      2020-10-27T22:42:00.175+0800: [Full GC (Ergonomics) [PSYoungGen: 14722K->14191K(29184K)] [ParOldGen: 87189K->87377K(87552K)] 101911K->101569K(116736K), [Metaspace: 3508K->3508K(1056768K)], 0.0093778 secs] [Times: user=0.06 sys=0.00, real=0.01 secs] 
      2020-10-27T22:42:00.184+0800: [Full GC (Ergonomics) [PSYoungGen: 14788K->14716K(29184K)] [ParOldGen: 87377K->87377K(87552K)] 102166K->102093K(116736K), [Metaspace: 3508K->3508K(1056768K)], 0.0020005 secs] [Times: user=0.00 sys=0.00, real=0.00 secs] 
      2020-10-27T22:42:00.186+0800: [Full GC (Ergonomics) [PSYoungGen: 14809K->14644K(29184K)] [ParOldGen: 87521K->87377K(87552K)] 102331K->102021K(116736K), [Metaspace: 3508K->3508K(1056768K)], 0.0016253 secs] [Times: user=0.00 sys=0.00, real=0.00 secs] 
      2020-10-27T22:42:00.188+0800: [Full GC (Ergonomics) [PSYoungGen: 14694K->14644K(29184K)] [ParOldGen: 87377K->87377K(87552K)] 102072K->102021K(116736K), [Metaspace: 3508K->3508K(1056768K)], 0.0015101 secs] [Times: user=0.00 sys=0.00, real=0.00 secs] 
      2020-10-27T22:42:00.190+0800: [Full GC (Allocation Failure) [PSYoungGen: 14644K->14644K(29184K)] [ParOldGen: 87377K->87377K(87552K)] 102021K->102021K(116736K), [Metaspace: 3508K->3508K(1056768K)], 0.0014045 secs] [Times: user=0.00 sys=0.00, real=0.00 secs] 
      Heap
       PSYoungGen      total 29184K, used 14848K [0x00000000fd580000, 0x0000000100000000, 0x0000000100000000)
        eden space 14848K, 100% used [0x00000000fd580000,0x00000000fe400000,0x00000000fe400000)
        from space 14336K, 0% used [0x00000000ff200000,0x00000000ff200000,0x0000000100000000)
        to   space 14336K, 0% used [0x00000000fe400000,0x00000000fe400000,0x00000000ff200000)
       ParOldGen       total 87552K, used 87377K [0x00000000f8000000, 0x00000000fd580000, 0x00000000fd580000)
        object space 87552K, 99% used [0x00000000f8000000,0x00000000fd5546f8,0x00000000fd580000)
       Metaspace       used 3539K, capacity 4502K, committed 4864K, reserved 1056768K
        class space    used 388K, capacity 390K, committed 512K, reserved 1048576K
      Exception in thread "main" java.lang.OutOfMemoryError: Java heap space
      	at GCLogAnalysis.generateGarbage(GCLogAnalysis.java:42)
      	at GCLogAnalysis.main(GCLogAnalysis.java:25)
      ```
  
  - CMS GC
    - ```java
      命令：
       -XX:+UseConcMarkSweepGC -Xmx128m -Xms128m -XX:+PrintGCDetails -XX:+PrintGCDateStamps
       -XX:+UseConcMarkSweepGC -Xmx256m -Xms256m -XX:+PrintGCDetails -XX:+PrintGCDateStamps
       -XX:+UseConcMarkSweepGC -Xmx512m -Xms512m -XX:+PrintGCDetails -XX:+PrintGCDateStamps
       -XX:+UseConcMarkSweepGC -Xmx1g -Xms1g -XX:+PrintGCDetails -XX:+PrintGCDateStamps
      結果：
      2020-10-27T22:45:01.003+0800: [GC (Allocation Failure) 2020-10-27T22:45:01.003+0800: [ParNew: 34901K->4352K(39296K), 0.0026267 secs] 34901K->12541K(126720K), 0.0026700 secs] [Times: user=0.05 sys=0.03, real=0.00 secs] 
      2020-10-27T22:45:01.013+0800: [GC (Allocation Failure) 2020-10-27T22:45:01.013+0800: [ParNew: 39164K->4352K(39296K), 0.0038730 secs] 47354K->25303K(126720K), 0.0039021 secs] [Times: user=0.00 sys=0.00, real=0.00 secs] 
      2020-10-27T22:45:01.021+0800: [GC (Allocation Failure) 2020-10-27T22:45:01.021+0800: [ParNew: 39296K->4352K(39296K), 0.0042604 secs] 60247K->37615K(126720K), 0.0042895 secs] [Times: user=0.00 sys=0.00, real=0.01 secs] 
      2020-10-27T22:45:01.032+0800: [GC (Allocation Failure) 2020-10-27T22:45:01.032+0800: [ParNew: 39296K->4350K(39296K), 0.0043805 secs] 72559K->48924K(126720K), 0.0044099 secs] [Times: user=0.00 sys=0.00, real=0.00 secs] 
      2020-10-27T22:45:01.036+0800: [GC (CMS Initial Mark) [1 CMS-initial-mark: 44573K(87424K)] 48996K(126720K), 0.0001305 secs] [Times: user=0.00 sys=0.00, real=0.00 secs] 
      2020-10-27T22:45:01.036+0800: [CMS-concurrent-mark-start]
      2020-10-27T22:45:01.037+0800: [CMS-concurrent-mark: 0.001/0.001 secs] [Times: user=0.03 sys=0.00, real=0.00 secs] 
      2020-10-27T22:45:01.037+0800: [CMS-concurrent-preclean-start]
      2020-10-27T22:45:01.037+0800: [CMS-concurrent-preclean: 0.000/0.000 secs] [Times: user=0.00 sys=0.00, real=0.00 secs] 
      2020-10-27T22:45:01.037+0800: [CMS-concurrent-abortable-preclean-start]
      2020-10-27T22:45:01.041+0800: [GC (Allocation Failure) 2020-10-27T22:45:01.041+0800: [ParNew: 39185K->4348K(39296K), 0.0048633 secs] 83759K->62693K(126720K), 0.0048913 secs] [Times: user=0.00 sys=0.00, real=0.01 secs] 
      2020-10-27T22:45:01.050+0800: [GC (Allocation Failure) 2020-10-27T22:45:01.050+0800: [ParNew: 39292K->4349K(39296K), 0.0041958 secs] 97637K->73949K(126720K), 0.0042276 secs] [Times: user=0.06 sys=0.00, real=0.00 secs] 
      2020-10-27T22:45:01.058+0800: [GC (Allocation Failure) 2020-10-27T22:45:01.058+0800: [ParNew: 39164K->4344K(39296K), 0.0047694 secs] 108763K->87603K(126720K), 0.0047979 secs] [Times: user=0.00 sys=0.00, real=0.00 secs] 
      2020-10-27T22:45:01.063+0800: [CMS-concurrent-abortable-preclean: 0.001/0.025 secs] [Times: user=0.06 sys=0.00, real=0.03 secs] 
      2020-10-27T22:45:01.063+0800: [GC (CMS Final Remark) [YG occupancy: 6692 K (39296 K)]2020-10-27T22:45:01.063+0800: [Rescan (parallel) , 0.0001533 secs]2020-10-27T22:45:01.063+0800: [weak refs processing, 0.0000104 secs]2020-10-27T22:45:01.063+0800: [class unloading, 0.0002049 secs]2020-10-27T22:45:01.063+0800: [scrub symbol table, 0.0003098 secs]2020-10-27T22:45:01.064+0800: [scrub string table, 0.0000784 secs][1 CMS-remark: 83259K(87424K)] 89951K(126720K), 0.0008068 secs] [Times: user=0.00 sys=0.00, real=0.00 secs] 
      2020-10-27T22:45:01.064+0800: [CMS-concurrent-sweep-start]
      2020-10-27T22:45:01.064+0800: [CMS-concurrent-sweep: 0.000/0.000 secs] [Times: user=0.00 sys=0.00, real=0.00 secs] 
      2020-10-27T22:45:01.064+0800: [CMS-concurrent-reset-start]
      2020-10-27T22:45:01.064+0800: [CMS-concurrent-reset: 0.000/0.000 secs] [Times: user=0.00 sys=0.00, real=0.00 secs] 
      2020-10-27T22:45:01.067+0800: [GC (Allocation Failure) 2020-10-27T22:45:01.067+0800: [ParNew: 38862K->38862K(39296K), 0.0000131 secs]2020-10-27T22:45:01.067+0800: [CMS: 79693K->87348K(87424K), 0.0124982 secs] 118555K->88821K(126720K), [Metaspace: 3509K->3509K(1056768K)], 0.0125598 secs] [Times: user=0.02 sys=0.00, real=0.01 secs] 
      2020-10-27T22:45:01.080+0800: [GC (CMS Initial Mark) [1 CMS-initial-mark: 87348K(87424K)] 90339K(126720K), 0.0001415 secs] [Times: user=0.00 sys=0.00, real=0.00 secs] 
      2020-10-27T22:45:01.080+0800: [CMS-concurrent-mark-start]
      2020-10-27T22:45:01.081+0800: [CMS-concurrent-mark: 0.001/0.001 secs] [Times: user=0.00 sys=0.00, real=0.00 secs] 
      2020-10-27T22:45:01.081+0800: [CMS-concurrent-preclean-start]
      2020-10-27T22:45:01.081+0800: [CMS-concurrent-preclean: 0.000/0.000 secs] [Times: user=0.00 sys=0.00, real=0.00 secs] 
      2020-10-27T22:45:01.081+0800: [CMS-concurrent-abortable-preclean-start]
      2020-10-27T22:45:01.081+0800: [CMS-concurrent-abortable-preclean: 0.000/0.000 secs] [Times: user=0.00 sys=0.00, real=0.00 secs] 
      2020-10-27T22:45:01.081+0800: [GC (CMS Final Remark) [YG occupancy: 11418 K (39296 K)]2020-10-27T22:45:01.081+0800: [Rescan (parallel) , 0.0001654 secs]2020-10-27T22:45:01.081+0800: [weak refs processing, 0.0000082 secs]2020-10-27T22:45:01.081+0800: [class unloading, 0.0002149 secs]2020-10-27T22:45:01.082+0800: [scrub symbol table, 0.0003127 secs]2020-10-27T22:45:01.082+0800: [scrub string table, 0.0000794 secs][1 CMS-remark: 87348K(87424K)] 98766K(126720K), 0.0008207 secs] [Times: user=0.00 sys=0.00, real=0.00 secs] 
      2020-10-27T22:45:01.082+0800: [CMS-concurrent-sweep-start]
      2020-10-27T22:45:01.082+0800: [CMS-concurrent-sweep: 0.000/0.000 secs] [Times: user=0.00 sys=0.00, real=0.00 secs] 
      2020-10-27T22:45:01.082+0800: [CMS-concurrent-reset-start]
      2020-10-27T22:45:01.082+0800: [CMS-concurrent-reset: 0.000/0.000 secs] [Times: user=0.00 sys=0.00, real=0.00 secs] 
      2020-10-27T22:45:01.085+0800: [GC (Allocation Failure) 2020-10-27T22:45:01.085+0800: [ParNew: 39293K->39293K(39296K), 0.0000135 secs]2020-10-27T22:45:01.085+0800: [CMS: 87348K->87212K(87424K), 0.0116696 secs] 126642K->98292K(126720K), [Metaspace: 3509K->3509K(1056768K)], 0.0117224 secs] [Times: user=0.00 sys=0.00, real=0.01 secs] 
      2020-10-27T22:45:01.097+0800: [GC (CMS Initial Mark) [1 CMS-initial-mark: 87212K(87424K)] 99087K(126720K), 0.0001044 secs] [Times: user=0.00 sys=0.00, real=0.00 secs] 
      2020-10-27T22:45:01.097+0800: [CMS-concurrent-mark-start]
      2020-10-27T22:45:01.098+0800: [CMS-concurrent-mark: 0.001/0.001 secs] [Times: user=0.00 sys=0.00, real=0.00 secs] 
      2020-10-27T22:45:01.098+0800: [CMS-concurrent-preclean-start]
      2020-10-27T22:45:01.098+0800: [CMS-concurrent-preclean: 0.001/0.001 secs] [Times: user=0.00 sys=0.00, real=0.00 secs] 
      2020-10-27T22:45:01.098+0800: [CMS-concurrent-abortable-preclean-start]
      2020-10-27T22:45:01.098+0800: [CMS-concurrent-abortable-preclean: 0.000/0.000 secs] [Times: user=0.00 sys=0.00, real=0.00 secs] 
      2020-10-27T22:45:01.099+0800: [GC (CMS Final Remark) [YG occupancy: 22258 K (39296 K)]2020-10-27T22:45:01.099+0800: [Rescan (parallel) , 0.0000944 secs]2020-10-27T22:45:01.099+0800: [weak refs processing, 0.0000075 secs]2020-10-27T22:45:01.099+0800: [class unloading, 0.0002034 secs]2020-10-27T22:45:01.099+0800: [scrub symbol table, 0.0003116 secs]2020-10-27T22:45:01.099+0800: [scrub string table, 0.0000804 secs][1 CMS-remark: 87212K(87424K)] 109471K(126720K), 0.0007329 secs] [Times: user=0.00 sys=0.00, real=0.00 secs] 
      2020-10-27T22:45:01.099+0800: [CMS-concurrent-sweep-start]
      2020-10-27T22:45:01.100+0800: [CMS-concurrent-sweep: 0.000/0.000 secs] [Times: user=0.03 sys=0.00, real=0.00 secs] 
      2020-10-27T22:45:01.100+0800: [CMS-concurrent-reset-start]
      2020-10-27T22:45:01.100+0800: [CMS-concurrent-reset: 0.000/0.000 secs] [Times: user=0.00 sys=0.00, real=0.00 secs] 
      2020-10-27T22:45:01.101+0800: [GC (Allocation Failure) 2020-10-27T22:45:01.101+0800: [ParNew: 39295K->39295K(39296K), 0.0000147 secs]2020-10-27T22:45:01.101+0800: [CMS: 87212K->87295K(87424K), 0.0131697 secs] 126507K->106675K(126720K), [Metaspace: 3509K->3509K(1056768K)], 0.0132229 secs] [Times: user=0.02 sys=0.00, real=0.01 secs] 
      2020-10-27T22:45:01.115+0800: [GC (CMS Initial Mark) [1 CMS-initial-mark: 87295K(87424K)] 106782K(126720K), 0.0001096 secs] [Times: user=0.00 sys=0.00, real=0.00 secs] 
      2020-10-27T22:45:01.115+0800: [CMS-concurrent-mark-start]
      2020-10-27T22:45:01.116+0800: [CMS-concurrent-mark: 0.001/0.001 secs] [Times: user=0.00 sys=0.00, real=0.00 secs] 
      2020-10-27T22:45:01.116+0800: [CMS-concurrent-preclean-start]
      2020-10-27T22:45:01.116+0800: [CMS-concurrent-preclean: 0.000/0.000 secs] [Times: user=0.00 sys=0.00, real=0.00 secs] 
      2020-10-27T22:45:01.116+0800: [CMS-concurrent-abortable-preclean-start]
      2020-10-27T22:45:01.116+0800: [CMS-concurrent-abortable-preclean: 0.000/0.000 secs] [Times: user=0.00 sys=0.00, real=0.00 secs] 
      2020-10-27T22:45:01.116+0800: [GC (CMS Final Remark) [YG occupancy: 29932 K (39296 K)]2020-10-27T22:45:01.116+0800: [Rescan (parallel) , 0.0000932 secs]2020-10-27T22:45:01.116+0800: [weak refs processing, 0.0000078 secs]2020-10-27T22:45:01.116+0800: [class unloading, 0.0001995 secs]2020-10-27T22:45:01.116+0800: [scrub symbol table, 0.0003065 secs]2020-10-27T22:45:01.117+0800: [scrub string table, 0.0000794 secs][1 CMS-remark: 87295K(87424K)] 117228K(126720K), 0.0007230 secs] [Times: user=0.00 sys=0.00, real=0.00 secs] 
      2020-10-27T22:45:01.117+0800: [CMS-concurrent-sweep-start]
      2020-10-27T22:45:01.117+0800: [CMS-concurrent-sweep: 0.000/0.000 secs] [Times: user=0.00 sys=0.00, real=0.00 secs] 
      2020-10-27T22:45:01.117+0800: [CMS-concurrent-reset-start]
      2020-10-27T22:45:01.117+0800: [CMS-concurrent-reset: 0.000/0.000 secs] [Times: user=0.00 sys=0.00, real=0.00 secs] 
      2020-10-27T22:45:01.118+0800: [GC (Allocation Failure) 2020-10-27T22:45:01.118+0800: [ParNew: 39290K->39290K(39296K), 0.0000186 secs]2020-10-27T22:45:01.118+0800: [CMS: 87295K->87036K(87424K), 0.0145272 secs] 126586K->113135K(126720K), [Metaspace: 3509K->3509K(1056768K)], 0.0145757 secs] [Times: user=0.02 sys=0.00, real=0.01 secs] 
      2020-10-27T22:45:01.133+0800: [GC (CMS Initial Mark) [1 CMS-initial-mark: 87036K(87424K)] 113366K(126720K), 0.0001075 secs] [Times: user=0.00 sys=0.00, real=0.00 secs] 
      2020-10-27T22:45:01.133+0800: [CMS-concurrent-mark-start]
      2020-10-27T22:45:01.133+0800: [CMS-concurrent-mark: 0.001/0.001 secs] [Times: user=0.00 sys=0.00, real=0.00 secs] 
      2020-10-27T22:45:01.133+0800: [CMS-concurrent-preclean-start]
      2020-10-27T22:45:01.134+0800: [CMS-concurrent-preclean: 0.001/0.001 secs] [Times: user=0.00 sys=0.00, real=0.00 secs] 
      2020-10-27T22:45:01.134+0800: [CMS-concurrent-abortable-preclean-start]
      2020-10-27T22:45:01.134+0800: [CMS-concurrent-abortable-preclean: 0.000/0.000 secs] [Times: user=0.00 sys=0.00, real=0.00 secs] 
      2020-10-27T22:45:01.134+0800: [GC (CMS Final Remark) [YG occupancy: 36091 K (39296 K)]2020-10-27T22:45:01.134+0800: [Rescan (parallel) , 0.0001313 secs]2020-10-27T22:45:01.134+0800: [weak refs processing, 0.0000081 secs]2020-10-27T22:45:01.134+0800: [class unloading, 0.0002158 secs]2020-10-27T22:45:01.134+0800: [scrub symbol table, 0.0003270 secs]2020-10-27T22:45:01.135+0800: [scrub string table, 0.0000841 secs][1 CMS-remark: 87036K(87424K)] 123127K(126720K), 0.0008046 secs] [Times: user=0.00 sys=0.00, real=0.00 secs] 
      2020-10-27T22:45:01.135+0800: [CMS-concurrent-sweep-start]
      2020-10-27T22:45:01.135+0800: [CMS-concurrent-sweep: 0.000/0.000 secs] [Times: user=0.00 sys=0.00, real=0.00 secs] 
      2020-10-27T22:45:01.135+0800: [CMS-concurrent-reset-start]
      2020-10-27T22:45:01.135+0800: [CMS-concurrent-reset: 0.000/0.000 secs] [Times: user=0.00 sys=0.00, real=0.00 secs] 
      2020-10-27T22:45:01.135+0800: [GC (Allocation Failure) 2020-10-27T22:45:01.135+0800: [ParNew: 38735K->38735K(39296K), 0.0000115 secs]2020-10-27T22:45:01.135+0800: [CMS: 87036K->87059K(87424K), 0.0136268 secs] 125771K->117042K(126720K), [Metaspace: 3509K->3509K(1056768K)], 0.0136683 secs] [Times: user=0.02 sys=0.00, real=0.01 secs] 
      2020-10-27T22:45:01.149+0800: [GC (CMS Initial Mark) [1 CMS-initial-mark: 87059K(87424K)] 117683K(126720K), 0.0001332 secs] [Times: user=0.00 sys=0.00, real=0.00 secs] 
      2020-10-27T22:45:01.149+0800: [CMS-concurrent-mark-start]
      2020-10-27T22:45:01.150+0800: [CMS-concurrent-mark: 0.001/0.001 secs] [Times: user=0.00 sys=0.00, real=0.00 secs] 
      2020-10-27T22:45:01.150+0800: [CMS-concurrent-preclean-start]
      2020-10-27T22:45:01.150+0800: [Full GC (Allocation Failure) 2020-10-27T22:45:01.150+0800: [CMS2020-10-27T22:45:01.151+0800: [CMS-concurrent-preclean: 0.000/0.001 secs] [Times: user=0.00 sys=0.00, real=0.00 secs] 
       (concurrent mode failure): 87266K->87046K(87424K), 0.0095372 secs] 126562K->120511K(126720K), [Metaspace: 3509K->3509K(1056768K)], 0.0095607 secs] [Times: user=0.00 sys=0.00, real=0.01 secs] 
      2020-10-27T22:45:01.160+0800: [Full GC (Allocation Failure) 2020-10-27T22:45:01.160+0800: [CMS: 87046K->87259K(87424K), 0.0130119 secs] 126266K->121851K(126720K), [Metaspace: 3509K->3509K(1056768K)], 0.0130378 secs] [Times: user=0.01 sys=0.00, real=0.01 secs] 
      2020-10-27T22:45:01.173+0800: [GC (CMS Initial Mark) [1 CMS-initial-mark: 87259K(87424K)] 122139K(126720K), 0.0001963 secs] [Times: user=0.00 sys=0.00, real=0.00 secs] 
      2020-10-27T22:45:01.173+0800: [CMS-concurrent-mark-start]
      2020-10-27T22:45:01.173+0800: [Full GC (Allocation Failure) 2020-10-27T22:45:01.173+0800: [CMS2020-10-27T22:45:01.175+0800: [CMS-concurrent-mark: 0.001/0.002 secs] [Times: user=0.00 sys=0.00, real=0.00 secs] 
       (concurrent mode failure): 87259K->87230K(87424K), 0.0088459 secs] 126207K->124039K(126720K), [Metaspace: 3509K->3509K(1056768K)], 0.0088684 secs] [Times: user=0.02 sys=0.00, real=0.01 secs] 
      2020-10-27T22:45:01.182+0800: [Full GC (Allocation Failure) 2020-10-27T22:45:01.182+0800: [CMS: 87347K->87106K(87424K), 0.0099277 secs] 126530K->125695K(126720K), [Metaspace: 3509K->3509K(1056768K)], 0.0099540 secs] [Times: user=0.00 sys=0.00, real=0.01 secs] 
      2020-10-27T22:45:01.192+0800: [GC (CMS Initial Mark) [1 CMS-initial-mark: 87106K(87424K)] 125857K(126720K), 0.0002475 secs] [Times: user=0.01 sys=0.00, real=0.00 secs] 
      2020-10-27T22:45:01.193+0800: [CMS-concurrent-mark-start]
      2020-10-27T22:45:01.193+0800: [Full GC (Allocation Failure) 2020-10-27T22:45:01.193+0800: [CMS2020-10-27T22:45:01.195+0800: [CMS-concurrent-mark: 0.001/0.002 secs] [Times: user=0.00 sys=0.00, real=0.00 secs] 
       (concurrent mode failure): 87192K->87364K(87424K), 0.0182392 secs] 126458K->125827K(126720K), [Metaspace: 3509K->3509K(1056768K)], 0.0182682 secs] [Times: user=0.02 sys=0.00, real=0.02 secs] 
      2020-10-27T22:45:01.212+0800: [Full GC (Allocation Failure) 2020-10-27T22:45:01.212+0800: [CMS: 87364K->87364K(87424K), 0.0044422 secs] 126567K->126186K(126720K), [Metaspace: 3509K->3509K(1056768K)], 0.0044712 secs] [Times: user=0.00 sys=0.00, real=0.00 secs] 
      2020-10-27T22:45:01.216+0800: [GC (CMS Initial Mark) [1 CMS-initial-mark: 87364K(87424K)] 126474K(126720K), 0.0001677 secs] [Times: user=0.00 sys=0.00, real=0.00 secs] 
      2020-10-27T22:45:01.217+0800: [CMS-concurrent-mark-start]
      2020-10-27T22:45:01.217+0800: [Full GC (Allocation Failure) 2020-10-27T22:45:01.217+0800: [CMS2020-10-27T22:45:01.220+0800: [CMS-concurrent-mark: 0.001/0.003 secs] [Times: user=0.00 sys=0.00, real=0.00 secs] 
       (concurrent mode failure): 87364K->87364K(87424K), 0.0049367 secs] 126547K->126330K(126720K), [Metaspace: 3509K->3509K(1056768K)], 0.0049689 secs] [Times: user=0.00 sys=0.00, real=0.00 secs] 
      2020-10-27T22:45:01.222+0800: [Full GC (Allocation Failure) 2020-10-27T22:45:01.222+0800: [CMS: 87364K->87364K(87424K), 0.0020154 secs] 126633K->126171K(126720K), [Metaspace: 3509K->3509K(1056768K)], 0.0020463 secs] [Times: user=0.02 sys=0.00, real=0.00 secs] 
      2020-10-27T22:45:01.224+0800: [GC (CMS Initial Mark) [1 CMS-initial-mark: 87364K(87424K)] 126549K(126720K), 0.0001467 secs] [Times: user=0.00 sys=0.00, real=0.00 secs] 
      2020-10-27T22:45:01.224+0800: [CMS-concurrent-mark-start]
      2020-10-27T22:45:01.224+0800: [Full GC (Allocation Failure) 2020-10-27T22:45:01.224+0800: [CMS2020-10-27T22:45:01.226+0800: [CMS-concurrent-mark: 0.001/0.002 secs] [Times: user=0.00 sys=0.00, real=0.00 secs] 
       (concurrent mode failure): 87364K->87364K(87424K), 0.0037645 secs] 126565K->126549K(126720K), [Metaspace: 3509K->3509K(1056768K)], 0.0037894 secs] [Times: user=0.00 sys=0.00, real=0.00 secs] 
      2020-10-27T22:45:01.228+0800: [Full GC (Allocation Failure) 2020-10-27T22:45:01.228+0800: [CMS: 87364K->87418K(87424K), 0.0187535 secs] 126549K->126524K(126720K), [Metaspace: 3509K->3509K(1056768K)], 0.0187829 secs] [Times: user=0.02 sys=0.00, real=0.02 secs] 
      Heap
       par new generation   total 39296K, used 39201K [0x00000000f8000000, 0x00000000faaa0000, 0x00000000faaa0000)
        eden space 34944K, 100% used [0x00000000f8000000, 0x00000000fa220000, 0x00000000fa220000)
        from space 4352K,  97% used [0x00000000fa660000, 0x00000000faa88500, 0x00000000faaa0000)
        to   space 4352K,   0% used [0x00000000fa220000, 0x00000000fa220000, 0x00000000fa660000)
       concurrent mark-sweep generation total 87424K, used 87418K [0x00000000faaa0000, 0x0000000100000000, 0x0000000100000000)
       Metaspace       used 3540K, capacity 4502K, committed 4864K, reserved 1056768K
        class space    used 388K, capacity 390K, committed 512K, reserved 1048576K
      Exception in thread "main" java.lang.OutOfMemoryError: Java heap space
      	at GCLogAnalysis.generateGarbage(GCLogAnalysis.java:48)
      	at GCLogAnalysis.main(GCLogAnalysis.java:25)
      ```
  
  - G1 GC
    - ```java
      命令：
       -XX:+UseG1GC -Xmx128m -Xms128m -XX:+PrintGCDetails -XX:+PrintGCDateStamps
       -XX:+UseG1GC -Xmx256m -Xms256m -XX:+PrintGCDetails -XX:+PrintGCDateStamps
       -XX:+UseG1GC -Xmx512m -Xms512m -XX:+PrintGCDetails -XX:+PrintGCDateStamps
       -XX:+UseG1GC -Xmx1g -Xms1g -XX:+PrintGCDetails -XX:+PrintGCDateStamps  
      結果：
      2020-10-27T22:49:43.609+0800: [GC pause (G1 Evacuation Pause) (young), 0.0013381 secs]
         [Parallel Time: 1.0 ms, GC Workers: 6]
            [GC Worker Start (ms): Min: 190.2, Avg: 190.6, Max: 191.2, Diff: 0.9]
            [Ext Root Scanning (ms): Min: 0.0, Avg: 0.1, Max: 0.2, Diff: 0.2, Sum: 0.7]
            [Update RS (ms): Min: 0.0, Avg: 0.0, Max: 0.0, Diff: 0.0, Sum: 0.0]
               [Processed Buffers: Min: 0, Avg: 0.0, Max: 0, Diff: 0, Sum: 0]
            [Scan RS (ms): Min: 0.0, Avg: 0.0, Max: 0.0, Diff: 0.0, Sum: 0.0]
            [Code Root Scanning (ms): Min: 0.0, Avg: 0.0, Max: 0.0, Diff: 0.0, Sum: 0.0]
            [Object Copy (ms): Min: 0.0, Avg: 0.5, Max: 0.7, Diff: 0.7, Sum: 2.7]
            [Termination (ms): Min: 0.0, Avg: 0.1, Max: 0.1, Diff: 0.1, Sum: 0.3]
               [Termination Attempts: Min: 1, Avg: 2.8, Max: 6, Diff: 5, Sum: 17]
            [GC Worker Other (ms): Min: 0.0, Avg: 0.0, Max: 0.0, Diff: 0.0, Sum: 0.1]
            [GC Worker Total (ms): Min: 0.0, Avg: 0.6, Max: 1.0, Diff: 1.0, Sum: 3.8]
            [GC Worker End (ms): Min: 191.2, Avg: 191.2, Max: 191.2, Diff: 0.0]
         [Code Root Fixup: 0.0 ms]
         [Code Root Purge: 0.0 ms]
         [Clear CT: 0.0 ms]
         [Other: 0.3 ms]
            [Choose CSet: 0.0 ms]
            [Ref Proc: 0.2 ms]
            [Ref Enq: 0.0 ms]
            [Redirty Cards: 0.0 ms]
            [Humongous Register: 0.0 ms]
            [Humongous Reclaim: 0.0 ms]
            [Free CSet: 0.0 ms]
         [Eden: 8192.0K(8192.0K)->0.0B(17.0M) Survivors: 0.0B->1024.0K Heap: 8979.2K(128.0M)->3319.2K(128.0M)]
       [Times: user=0.00 sys=0.00, real=0.00 secs] 
      2020-10-27T22:49:43.637+0800: [GC pause (G1 Evacuation Pause) (young), 0.0014962 secs]
         [Parallel Time: 1.2 ms, GC Workers: 6]
            [GC Worker Start (ms): Min: 219.2, Avg: 219.6, Max: 220.4, Diff: 1.2]
            [Ext Root Scanning (ms): Min: 0.0, Avg: 0.1, Max: 0.2, Diff: 0.2, Sum: 0.6]
            [Update RS (ms): Min: 0.0, Avg: 0.0, Max: 0.1, Diff: 0.1, Sum: 0.2]
               [Processed Buffers: Min: 0, Avg: 0.8, Max: 2, Diff: 2, Sum: 5]
            [Scan RS (ms): Min: 0.0, Avg: 0.0, Max: 0.0, Diff: 0.0, Sum: 0.0]
            [Code Root Scanning (ms): Min: 0.0, Avg: 0.0, Max: 0.0, Diff: 0.0, Sum: 0.0]
            [Object Copy (ms): Min: 0.0, Avg: 0.6, Max: 1.0, Diff: 1.0, Sum: 3.9]
            [Termination (ms): Min: 0.0, Avg: 0.0, Max: 0.0, Diff: 0.0, Sum: 0.2]
               [Termination Attempts: Min: 1, Avg: 1.0, Max: 1, Diff: 0, Sum: 6]
            [GC Worker Other (ms): Min: 0.0, Avg: 0.0, Max: 0.0, Diff: 0.0, Sum: 0.0]
            [GC Worker Total (ms): Min: 0.0, Avg: 0.8, Max: 1.2, Diff: 1.2, Sum: 4.8]
            [GC Worker End (ms): Min: 220.4, Avg: 220.4, Max: 220.4, Diff: 0.0]
         [Code Root Fixup: 0.0 ms]
         [Code Root Purge: 0.0 ms]
         [Clear CT: 0.0 ms]
         [Other: 0.2 ms]
            [Choose CSet: 0.0 ms]
            [Ref Proc: 0.1 ms]
            [Ref Enq: 0.0 ms]
            [Redirty Cards: 0.0 ms]
            [Humongous Register: 0.0 ms]
            [Humongous Reclaim: 0.0 ms]
            [Free CSet: 0.0 ms]
         [Eden: 17.0M(17.0M)->0.0B(52.0M) Survivors: 1024.0K->3072.0K Heap: 26.1M(128.0M)->12.4M(128.0M)]
       [Times: user=0.00 sys=0.00, real=0.00 secs] 
      2020-10-27T22:49:43.657+0800: [GC pause (G1 Evacuation Pause) (young), 0.0033845 secs]
         [Parallel Time: 3.1 ms, GC Workers: 6]
            [GC Worker Start (ms): Min: 239.1, Avg: 240.1, Max: 242.2, Diff: 3.1]
            [Ext Root Scanning (ms): Min: 0.0, Avg: 0.1, Max: 0.1, Diff: 0.1, Sum: 0.5]
            [Update RS (ms): Min: 0.0, Avg: 0.0, Max: 0.1, Diff: 0.1, Sum: 0.2]
               [Processed Buffers: Min: 0, Avg: 0.5, Max: 2, Diff: 2, Sum: 3]
            [Scan RS (ms): Min: 0.0, Avg: 0.0, Max: 0.0, Diff: 0.0, Sum: 0.0]
            [Code Root Scanning (ms): Min: 0.0, Avg: 0.0, Max: 0.0, Diff: 0.0, Sum: 0.0]
            [Object Copy (ms): Min: 0.0, Avg: 2.0, Max: 2.9, Diff: 2.9, Sum: 12.0]
            [Termination (ms): Min: 0.0, Avg: 0.0, Max: 0.1, Diff: 0.1, Sum: 0.3]
               [Termination Attempts: Min: 1, Avg: 1.0, Max: 1, Diff: 0, Sum: 6]
            [GC Worker Other (ms): Min: 0.0, Avg: 0.0, Max: 0.0, Diff: 0.0, Sum: 0.0]
            [GC Worker Total (ms): Min: 0.0, Avg: 2.2, Max: 3.1, Diff: 3.1, Sum: 13.0]
            [GC Worker End (ms): Min: 242.2, Avg: 242.3, Max: 242.3, Diff: 0.0]
         [Code Root Fixup: 0.0 ms]
         [Code Root Purge: 0.0 ms]
         [Clear CT: 0.0 ms]
         [Other: 0.2 ms]
            [Choose CSet: 0.0 ms]
            [Ref Proc: 0.1 ms]
            [Ref Enq: 0.0 ms]
            [Redirty Cards: 0.0 ms]
            [Humongous Register: 0.0 ms]
            [Humongous Reclaim: 0.0 ms]
            [Free CSet: 0.0 ms]
         [Eden: 52.0M(52.0M)->0.0B(50.0M) Survivors: 3072.0K->7168.0K Heap: 78.4M(128.0M)->34.4M(128.0M)]
       [Times: user=0.00 sys=0.00, real=0.00 secs] 
      2020-10-27T22:49:43.669+0800: [GC pause (G1 Evacuation Pause) (young) (to-space exhausted), 0.0031244 secs]
         [Parallel Time: 2.8 ms, GC Workers: 6]
            [GC Worker Start (ms): Min: 251.6, Avg: 251.6, Max: 251.6, Diff: 0.0]
            [Ext Root Scanning (ms): Min: 0.1, Avg: 0.1, Max: 0.2, Diff: 0.0, Sum: 0.8]
            [Update RS (ms): Min: 0.1, Avg: 0.1, Max: 0.1, Diff: 0.0, Sum: 0.5]
               [Processed Buffers: Min: 2, Avg: 2.2, Max: 3, Diff: 1, Sum: 13]
            [Scan RS (ms): Min: 0.0, Avg: 0.0, Max: 0.1, Diff: 0.1, Sum: 0.2]
            [Code Root Scanning (ms): Min: 0.0, Avg: 0.0, Max: 0.0, Diff: 0.0, Sum: 0.0]
            [Object Copy (ms): Min: 2.4, Avg: 2.4, Max: 2.5, Diff: 0.1, Sum: 14.5]
            [Termination (ms): Min: 0.0, Avg: 0.0, Max: 0.1, Diff: 0.1, Sum: 0.2]
               [Termination Attempts: Min: 1, Avg: 1.0, Max: 1, Diff: 0, Sum: 6]
            [GC Worker Other (ms): Min: 0.0, Avg: 0.0, Max: 0.0, Diff: 0.0, Sum: 0.0]
            [GC Worker Total (ms): Min: 2.7, Avg: 2.7, Max: 2.7, Diff: 0.0, Sum: 16.2]
            [GC Worker End (ms): Min: 254.3, Avg: 254.3, Max: 254.3, Diff: 0.0]
         [Code Root Fixup: 0.0 ms]
         [Code Root Purge: 0.0 ms]
         [Clear CT: 0.0 ms]
         [Other: 0.3 ms]
            [Evacuation Failure: 0.1 ms]
            [Choose CSet: 0.0 ms]
            [Ref Proc: 0.1 ms]
            [Ref Enq: 0.0 ms]
            [Redirty Cards: 0.0 ms]
            [Humongous Register: 0.0 ms]
            [Humongous Reclaim: 0.0 ms]
            [Free CSet: 0.0 ms]
         [Eden: 50.0M(50.0M)->0.0B(27.0M) Survivors: 7168.0K->8192.0K Heap: 96.0M(128.0M)->70.3M(128.0M)]
       [Times: user=0.00 sys=0.00, real=0.00 secs] 
      。。。。。。
      2020-10-27T22:49:43.778+0800: [GC concurrent-root-region-scan-start]
      2020-10-27T22:49:43.778+0800: [GC concurrent-root-region-scan-end, 0.0000119 secs]
      2020-10-27T22:49:43.778+0800: [GC concurrent-mark-start]
      2020-10-27T22:49:43.778+0800: [Full GC (Allocation Failure)  100M->680K(128M), 0.0022267 secs]
         [Eden: 0.0B(6144.0K)->0.0B(76.0M) Survivors: 0.0B->0.0B Heap: 101.0M(128.0M)->680.1K(128.0M)], [Metaspace: 3350K->3350K(1056768K)]
       [Times: user=0.00 sys=0.00, real=0.00 secs] 
      2020-10-27T22:49:43.780+0800: [GC concurrent-mark-abort]
      Heap
       garbage-first heap   total 131072K, used 680K [0x00000000f8000000, 0x00000000f8100400, 0x0000000100000000)
        region size 1024K, 1 young (1024K), 0 survivors (0K)
       Metaspace       used 3381K, capacity 4556K, committed 4864K, reserved 1056768K
        class space    used 361K, capacity 392K, committed 512K, reserved 1048576K
      Exception in thread "main" java.lang.OutOfMemoryError: Java heap space
      	at java.util.Arrays.copyOf(Arrays.java:3332)
      	at java.lang.AbstractStringBuilder.ensureCapacityInternal(AbstractStringBuilder.java:124)
      	at java.lang.AbstractStringBuilder.append(AbstractStringBuilder.java:674)
      	at java.lang.StringBuilder.append(StringBuilder.java:208)
      	at GCLogAnalysis.generateGarbage(GCLogAnalysis.java:56)
      	at GCLogAnalysis.main(GCLogAnalysis.java:25)
      Disconnected from the target VM, address: '127.0.0.1:52856', transport: 'socket'
      
      Process finished with exit code 1

      ```
  
- 2.使用压测工具（wrk或sb），演练gateway-server-0.0.1-SNAPSHOT.jar 示例。
- 3.(选做)如果自己本地有可以运行的项目，可以按照2的方式进行演练。
根据上述自己对于1和2的演示，写一段对于不同 GC 的总结，提交到 Github

<h3>第 四 课 作业</h3>
- 1.（可选）运行课上的例子，以及 Netty 的例子，分析相关现象。
- 2.写一段代码，使用 HttpClient 或 OkHttp 访问 http://localhost:8801，代码提交到
Github。
 
 
 
<h3>GC总结：</h3>
- 串行 GC 
  - 年轻代使用`拷贝-复制`，老年代使用`标记-清除-整理`
  - 发生GC时，会暂停
  - 内存越小，GC次数越多
- 并行 GC
  - 年轻代使用`拷贝-复制`，老年代使用`标记-清除-整理`
  - GC处理时，暂停业务处理，所有线程处理GC垃圾回收。平常运行时，所以线程都去处理业务。因此，吞吐量比较高。
  - 内存越小，GC次数越多
- CMS GC
  - 年轻代使用`拷贝-复制`，老年代使用`标记-清除`
  - CMS默认GC线程数是1/4
  - GC时，吞吐量不如`并行 GC`，但延迟比较低
  - 内存越小，GC次数越多
- G1 GC
  - 不分代,使用 region(2048) 存储数据，分为：
   - Eden区 （`标记-复制` 算法）
   - 存活区
   - 老年区 (`标记-复制-整理` 算法)
 
 `ParNewGC + CMS`  适用于 `低延迟`
 
 `ParallelGC + ParllelGC Old`  适用于 `高吞吐量`
 
 `G1`  适用于 `内存大于4G，并且GC时间可控制`
